// Jest Snapshot v1, https://goo.gl/fbAQLP

exports[`Pruebas en <GifGridItem> debe de mostrar el componente correctamente 1`] = `
<div
  className="col-md-3 col-sm-6 col-10 mb-4  animate__animated animate__fadeIn"
>
  <div
    className="card h-100"
  >
    <img
      alt="Un título"
      className="card-img-top"
      src="https://localhost/jdm.jpg"
    />
    <div
      className="card-body"
    >
      <p
        className="card-text"
      >
         
        Un título
      </p>
    </div>
  </div>
</div>
`;
